// Jest Snapshot v1, https://goo.gl/fbAQLP

exports[`add customer modal rendering renders correctly 1`] = `null`;
